#-----------------------------------------------------------
# Vivado v2022.2 (64-bit)
# SW Build 3671981 on Fri Oct 14 05:00:03 MDT 2022
# IP Build 3669848 on Fri Oct 14 08:30:02 MDT 2022
# Start of session at: Sun Jun  9 14:16:30 2024
# Process ID: 8976
# Current directory: C:/Users/USER/Downloads/SR-2024S-main/SR-2024S-main/lab07/mass_centroid
# Command line: vivado.exe -gui_launcher_event rodinguilauncherevent8516 C:\Users\USER\Downloads\SR-2024S-main\SR-2024S-main\lab07\mass_centroid\mass_centroid.xpr
# Log file: C:/Users/USER/Downloads/SR-2024S-main/SR-2024S-main/lab07/mass_centroid/vivado.log
# Journal file: C:/Users/USER/Downloads/SR-2024S-main/SR-2024S-main/lab07/mass_centroid\vivado.jou
# Running On: DESKTOP-1I6S9IF, OS: Windows, CPU Frequency: 1190 MHz, CPU Physical cores: 4, Host memory: 8361 MB
#-----------------------------------------------------------
start_gui
open_project C:/Users/USER/Downloads/SR-2024S-main/SR-2024S-main/lab07/mass_centroid/mass_centroid.xpr
update_compile_order -fileset sources_1
